200     1659436  toefl-ibt-full-length-practice-test-1.pdf
200     4939570  toefl-ibt-full-length-practice-test-2.pdf
200    22617951  student-practice-test-1-audio-files.zip
200     6894324  student-practice-test-2-audio-files.zip
200     3633990  toefl-ibt-teachers-resources-practice-test-1.pdf
200      746769  toefl-ibt-teachers-resources-practice-test-2.pdf
200    11504395  toefl-ibt-teachers-resources-practice-test-3.pdf
200    13951137  toefl-ibt-teachers-resources-practice-test-4.pdf
200    12837598  toefl-ibt-teachers-resources-practice-test-5.pdf
200     6812272  teacher-practice-test-1-audio-file.zip
200     6728221  teacher-practice-test-2-audio-file.zip
200     7838248  teacher-practice-test-3-audio.zip
200     6955516  teacher-practice-test-4-audio-files.zip
200     7757520  teacher-practice-test-5-audio-files.zip
200     1033640  toefl-ibt-lesson-plan-listening.pdf
200     1346885  toefl-ibt-lesson-plan-reading.pdf
200     1045317  toefl-ibt-lesson-plan-speaking.pdf
200      961420  toefl-ibt-lesson-plan-writing.pdf
200     7480470  listening-lesson-plans-audio.zip
200     3993201  speaking-lesson-plans-audio.zip
200     2346163  sample-responses-audio-files.zip
200      284216  speaking-rubrics.pdf
200      195339  writing-rubrics.pdf
200      189957  speaking-performance-levels.pdf
200     4514410  teacher-faq.pdf
